// Jest Snapshot v1, https://goo.gl/fbAQLP

exports[`myLog Function myLog called with single param 1`] = `undefined`;
